<html>
<body>
<pre>
<h1>µVision Build Log</h1>
<h2>Project:</h2>
D:\My Dropbox\ArmBook\LaunchPad\LaunchPadware\DMATimer_4F120\DMATimer.uvproj
Project File Date:  01/24/2013

<h2>Output:</h2>
Build target 'DMATimer'
compiling DMATimer.c...
compiling DMAtestmain.c...
compiling PLL.c...
linking...
Program Size: Code=1436 RO-data=64 RW-data=4 ZI-data=4092  
"DMATimer.axf" - 0 Error(s), 0 Warning(s).
Build target 'DMATimer'
compiling DMATimer.c...
compiling DMAtestmain.c...
linking...
Program Size: Code=1436 RO-data=64 RW-data=4 ZI-data=4092  
"DMATimer.axf" - 0 Error(s), 0 Warning(s).
