<html>
<body>
<pre>
<h1>µVision Build Log</h1>
<h2>Project:</h2>
C:\Keil\Labware\Lab10_TrafficLight\Lab10.uvproj
Project File Date:  02/11/2014

<h2>Output:</h2>
Build target 'Lab10'
linking...
Program Size: Code=4348 RO-data=14692 RW-data=76 ZI-data=1756  
".\Lab10.axf" - 0 Error(s), 0 Warning(s).
Load "C:\\Keil\\Labware\\Lab10_TrafficLight\\Lab10.axf" 
Connecting: Mode=JTAG, Speed=1000000Hz
Erase Done.
Programming Done.
Verify OK.
Clean started: Project: 'Lab10'
   deleting intermediate output files for target 'Lab10'
10.axf" - 2 Error(s), 0 Warning(s).
Target not created
